<!doctype html>
<html>
<head>
	<title>Helpers</title>
</head>
<body>
	/USERS/SMOELLER/REPOS/GITHUB/SHANNONMOELLER/GULP-HB/TEST/FIXTURES/TEMPLATES/HELPERS.HTML
	false
</body>
</html>
