<!doctype html>
<html>
<head>
	<title>None</title>
</head>
<body>
	/Users/smoeller/Repos/github/shannonmoeller/gulp-hb/test/fixtures/templates/none.html
</body>
</html>
